// Jest Snapshot v1, https://goo.gl/fbAQLP

exports[`Header should match snapshot with all data passed in correctly 1`] = `
ShallowWrapper {
  Symbol(enzyme.__root__): [Circular],
  Symbol(enzyme.__unrendered__): <Header />,
  Symbol(enzyme.__renderer__): Object {
    "batchedUpdates": [Function],
    "getNode": [Function],
    "render": [Function],
    "simulateError": [Function],
    "simulateEvent": [Function],
    "unmount": [Function],
  },
  Symbol(enzyme.__node__): Object {
    "instance": null,
    "key": undefined,
    "nodeType": "host",
    "props": Object {
      "children": Array [
        <div
          className="img-div"
        >
          <img
            className="header-pic"
            src="./vadarnew.png"
          />
        </div>,
        <h1
          className="main-title"
        >
          SWAPi Box
        </h1>,
      ],
      "className": "header",
    },
    "ref": null,
    "rendered": Array [
      Object {
        "instance": null,
        "key": undefined,
        "nodeType": "host",
        "props": Object {
          "children": <img
            className="header-pic"
            src="./vadarnew.png"
          />,
          "className": "img-div",
        },
        "ref": null,
        "rendered": Object {
          "instance": null,
          "key": undefined,
          "nodeType": "host",
          "props": Object {
            "className": "header-pic",
            "src": "./vadarnew.png",
          },
          "ref": null,
          "rendered": null,
          "type": "img",
        },
        "type": "div",
      },
      Object {
        "instance": null,
        "key": undefined,
        "nodeType": "host",
        "props": Object {
          "children": "SWAPi Box",
          "className": "main-title",
        },
        "ref": null,
        "rendered": "SWAPi Box",
        "type": "h1",
      },
    ],
    "type": "div",
  },
  Symbol(enzyme.__nodes__): Array [
    Object {
      "instance": null,
      "key": undefined,
      "nodeType": "host",
      "props": Object {
        "children": Array [
          <div
            className="img-div"
          >
            <img
              className="header-pic"
              src="./vadarnew.png"
            />
          </div>,
          <h1
            className="main-title"
          >
            SWAPi Box
          </h1>,
        ],
        "className": "header",
      },
      "ref": null,
      "rendered": Array [
        Object {
          "instance": null,
          "key": undefined,
          "nodeType": "host",
          "props": Object {
            "children": <img
              className="header-pic"
              src="./vadarnew.png"
            />,
            "className": "img-div",
          },
          "ref": null,
          "rendered": Object {
            "instance": null,
            "key": undefined,
            "nodeType": "host",
            "props": Object {
              "className": "header-pic",
              "src": "./vadarnew.png",
            },
            "ref": null,
            "rendered": null,
            "type": "img",
          },
          "type": "div",
        },
        Object {
          "instance": null,
          "key": undefined,
          "nodeType": "host",
          "props": Object {
            "children": "SWAPi Box",
            "className": "main-title",
          },
          "ref": null,
          "rendered": "SWAPi Box",
          "type": "h1",
        },
      ],
      "type": "div",
    },
  ],
  Symbol(enzyme.__options__): Object {
    "adapter": ReactSixteenAdapter {
      "options": Object {
        "enableComponentDidUpdateOnSetState": true,
        "lifecycles": Object {
          "componentDidUpdate": Object {
            "onSetState": true,
          },
          "getDerivedStateFromProps": true,
          "getSnapshotBeforeUpdate": true,
          "setState": Object {
            "skipsComponentDidUpdateOnNullish": true,
          },
        },
      },
    },
  },
}
`;
